#TradeId,Factor,Up/Down,Base NPV,ShiftSize_1,ShiftSize_2,Scenario NPV,Difference
CVA,DiscountCurve/EUR/1/1M,Up,110658.68,0.000001,#N/A,110658.68,0.00
CVA,DiscountCurve/EUR/2/3M,Up,110658.68,0.000001,#N/A,110658.68,0.00
CVA,DiscountCurve/EUR/3/6M,Up,110658.68,0.000001,#N/A,110658.68,0.00
CVA,DiscountCurve/EUR/4/1Y,Up,110658.68,0.000001,#N/A,110658.68,0.00
CVA,DiscountCurve/EUR/5/2Y,Up,110658.68,0.000001,#N/A,110658.68,0.00
CVA,DiscountCurve/EUR/6/3Y,Up,110658.68,0.000001,#N/A,110658.68,-0.01
CVA,DiscountCurve/EUR/7/5Y,Up,110658.68,0.000001,#N/A,110658.63,-0.05
CVA,DiscountCurve/EUR/8/10Y,Up,110658.68,0.000001,#N/A,110658.42,-0.26
CVA,DiscountCurve/EUR/9/15Y,Up,110658.68,0.000001,#N/A,110658.06,-0.62
CVA,DiscountCurve/EUR/10/20Y,Up,110658.68,0.000001,#N/A,110658.07,-0.61
CVA,IndexCurve/EUR-EONIA/4/1Y,Up,110658.68,0.000001,#N/A,110658.68,0.00
CVA,IndexCurve/EUR-EONIA/5/2Y,Up,110658.68,0.000001,#N/A,110658.68,0.00
CVA,IndexCurve/EUR-EONIA/6/3Y,Up,110658.68,0.000001,#N/A,110658.68,0.00
CVA,IndexCurve/EUR-EONIA/7/5Y,Up,110658.68,0.000001,#N/A,110658.69,0.01
CVA,IndexCurve/EUR-EONIA/8/10Y,Up,110658.68,0.000001,#N/A,110658.71,0.02
CVA,IndexCurve/EUR-EONIA/9/15Y,Up,110658.68,0.000001,#N/A,110658.71,0.03
CVA,IndexCurve/EUR-EONIA/10/20Y,Up,110658.68,0.000001,#N/A,110658.54,-0.14
CVA,IndexCurve/EUR-EONIA/11/30Y,Up,110658.68,0.000001,#N/A,110658.68,0.00
CVA,IndexCurve/EUR-EURIBOR-3M/9/15Y,Up,110658.68,0.000001,#N/A,110658.68,0.00
CVA,IndexCurve/EUR-EURIBOR-3M/10/20Y,Up,110658.68,0.000001,#N/A,110658.68,0.00
CVA,IndexCurve/EUR-EURIBOR-6M/1/1M,Up,110658.68,0.000001,#N/A,110658.68,0.00
CVA,IndexCurve/EUR-EURIBOR-6M/2/3M,Up,110658.68,0.000001,#N/A,110658.70,0.02
CVA,IndexCurve/EUR-EURIBOR-6M/3/6M,Up,110658.68,0.000001,#N/A,110658.69,0.01
CVA,IndexCurve/EUR-EURIBOR-6M/4/1Y,Up,110658.68,0.000001,#N/A,110658.75,0.06
CVA,IndexCurve/EUR-EURIBOR-6M/5/2Y,Up,110658.68,0.000001,#N/A,110658.84,0.16
CVA,IndexCurve/EUR-EURIBOR-6M/6/3Y,Up,110658.68,0.000001,#N/A,110658.99,0.31
CVA,IndexCurve/EUR-EURIBOR-6M/7/5Y,Up,110658.68,0.000001,#N/A,110659.76,1.08
CVA,IndexCurve/EUR-EURIBOR-6M/8/10Y,Up,110658.68,0.000001,#N/A,110661.02,2.34
CVA,IndexCurve/EUR-EURIBOR-6M/9/15Y,Up,110658.68,0.000001,#N/A,110660.34,1.66
CVA,IndexCurve/EUR-EURIBOR-6M/10/20Y,Up,110658.68,0.000001,#N/A,110640.63,-18.05
CVA,IndexCurve/EUR-EURIBOR-6M/11/30Y,Up,110658.68,0.000001,#N/A,110658.68,0.00
CVA,SwaptionVolatility/EUR/8/1Y/15Y/ATM,Up,110658.68,0.000001,#N/A,110658.93,0.24
CVA,SwaptionVolatility/EUR/9/1Y/20Y/ATM,Up,110658.68,0.000001,#N/A,110659.66,0.98
CVA,SwaptionVolatility/EUR/19/2Y/15Y/ATM,Up,110658.68,0.000001,#N/A,110659.23,0.55
CVA,SwaptionVolatility/EUR/20/2Y/20Y/ATM,Up,110658.68,0.000001,#N/A,110659.51,0.83
CVA,SwaptionVolatility/EUR/30/3Y/15Y/ATM,Up,110658.68,0.000001,#N/A,110659.56,0.88
CVA,SwaptionVolatility/EUR/31/3Y/20Y/ATM,Up,110658.68,0.000001,#N/A,110659.27,0.58
CVA,SwaptionVolatility/EUR/41/4Y/15Y/ATM,Up,110658.68,0.000001,#N/A,110659.99,1.30
CVA,SwaptionVolatility/EUR/42/4Y/20Y/ATM,Up,110658.68,0.000001,#N/A,110659.01,0.33
CVA,SwaptionVolatility/EUR/51/5Y/12Y/ATM,Up,110658.68,0.000001,#N/A,110658.96,0.27
CVA,SwaptionVolatility/EUR/52/5Y/15Y/ATM,Up,110658.68,0.000001,#N/A,110660.67,1.98
CVA,SwaptionVolatility/EUR/61/7Y/10Y/ATM,Up,110658.68,0.000001,#N/A,110658.91,0.22
CVA,SwaptionVolatility/EUR/62/7Y/12Y/ATM,Up,110658.68,0.000001,#N/A,110661.28,2.60
CVA,SwaptionVolatility/EUR/63/7Y/15Y/ATM,Up,110658.68,0.000001,#N/A,110659.79,1.11
CVA,SwaptionVolatility/EUR/71/10Y/7Y/ATM,Up,110658.68,0.000001,#N/A,110658.88,0.20
CVA,SwaptionVolatility/EUR/72/10Y/10Y/ATM,Up,110658.68,0.000001,#N/A,110660.82,2.13
CVA,SwaptionVolatility/EUR/73/10Y/12Y/ATM,Up,110658.68,0.000001,#N/A,110659.62,0.94
CVA,SwaptionVolatility/EUR/81/12Y/5Y/ATM,Up,110658.68,0.000001,#N/A,110658.84,0.16
CVA,SwaptionVolatility/EUR/82/12Y/7Y/ATM,Up,110658.68,0.000001,#N/A,110660.38,1.70
CVA,SwaptionVolatility/EUR/83/12Y/10Y/ATM,Up,110658.68,0.000001,#N/A,110659.43,0.75
CVA,SwaptionVolatility/EUR/88/15Y/1Y/ATM,Up,110658.68,0.000001,#N/A,110658.71,0.03
CVA,SwaptionVolatility/EUR/89/15Y/2Y/ATM,Up,110658.68,0.000001,#N/A,110658.78,0.10
CVA,SwaptionVolatility/EUR/90/15Y/3Y/ATM,Up,110658.68,0.000001,#N/A,110658.89,0.20
CVA,SwaptionVolatility/EUR/91/15Y/4Y/ATM,Up,110658.68,0.000001,#N/A,110659.19,0.51
CVA,SwaptionVolatility/EUR/92/15Y/5Y/ATM,Up,110658.68,0.000001,#N/A,110659.69,1.01
CVA,SwaptionVolatility/EUR/93/15Y/7Y/ATM,Up,110658.68,0.000001,#N/A,110659.32,0.64
CVA,SwaptionVolatility/EUR/99/20Y/1Y/ATM,Up,110658.68,0.000001,#N/A,110658.79,0.11
CVA,SwaptionVolatility/EUR/100/20Y/2Y/ATM,Up,110658.68,0.000001,#N/A,110658.83,0.15
CVA,SwaptionVolatility/EUR/101/20Y/3Y/ATM,Up,110658.68,0.000001,#N/A,110658.82,0.14
CVA,SwaptionVolatility/EUR/102/20Y/4Y/ATM,Up,110658.68,0.000001,#N/A,110658.81,0.13
CVA,SurvivalProbability/BANK/0/2W,Up,110658.68,0.000001,#N/A,110658.68,0.00
CVA,SurvivalProbability/BANK/1/1M,Up,110658.68,0.000001,#N/A,110658.68,0.00
CVA,SurvivalProbability/BANK/2/3M,Up,110658.68,0.000001,#N/A,110658.67,-0.02
CVA,SurvivalProbability/BANK/3/6M,Up,110658.68,0.000001,#N/A,110658.66,-0.02
CVA,SurvivalProbability/BANK/4/1Y,Up,110658.68,0.000001,#N/A,110658.59,-0.09
CVA,SurvivalProbability/BANK/5/2Y,Up,110658.68,0.000001,#N/A,110658.54,-0.15
CVA,SurvivalProbability/BANK/6/3Y,Up,110658.68,0.000001,#N/A,110658.52,-0.17
CVA,SurvivalProbability/BANK/7/5Y,Up,110658.68,0.000001,#N/A,110658.64,-0.04
CVA,SurvivalProbability/BANK/8/10Y,Up,110658.68,0.000001,#N/A,110659.79,1.11
CVA,SurvivalProbability/BANK/9/15Y,Up,110658.68,0.000001,#N/A,110661.42,2.74
CVA,SurvivalProbability/BANK/10/20Y,Up,110658.68,0.000001,#N/A,110661.01,2.33
